=~=~=~=~=~=~=~=~=~=~=~= PuTTY log 2022.04.26 13:38:32 =~=~=~=~=~=~=~=~=~=~=~=


U-Boot 2014.07 (Aug 12 2015 - 13:57:01)

CPU0:  T1042E, Version: 1.1, (0x85280211)
Core:  e5500, Version: 2.1, (0x80241021)
Clock Configuration:
       CPU0:1200 MHz, CPU1:1200 MHz, CPU2:1200 MHz, CPU3:1200 MHz, 
       CCB:500  MHz,
       DDR:800  MHz (1600 MT/s data rate) (Asynchronous), IFC:125  MHz
       FMAN1: 500 MHz
       QMAN:  250 MHz
       PME:   250 MHz
L1:    D-cache 32 KiB enabled
       I-cache 32 KiB enabled
Reset Configuration Word (RCW):
       00000000: 0a18000c 0c000000 00000000 00000000
       00000010: 86000002 80000002 ec027000 01000000
       00000020: 00000000 00000000 00000000 000309fc
       00000030: 00000000 01fd5206 00000000 00000000
Board: T1042RDB, MB-M200 Ver.T07 2015-07-18
I2C:   ready
SPI:   ready
DRAM:  Initializing....using SPD
Detected UDIMM TS256MLK64W6N     
Not enough bank(chip-select) for CS0+CS1 on controller 0, interleaving disabled!
2 GiB (DDR3, 64-bit, CL=11, ECC off)
Flash: 4 MiB
L2:    256 KiB enabled
Corenet Platform Cache: 256 KiB enabled
Using SERDES1 Protocol: 134 (0x86)
NAND:  0 MiB
MMC:   FSL_SDHC: 0
EEPROM: NXID v1
PCIe1: Root Complex, no link, regs @ 0xfe240000
PCIe1: Bus 00 - 00
PCIe2: Root Complex, no link, regs @ 0xfe250000
PCIe2: Bus 01 - 01
PCIe3: Root Complex, no link, regs @ 0xfe260000
PCIe3: Bus 02 - 02
PCIe4: Root Complex, no link, regs @ 0xfe270000
PCIe4: Bus 03 - 03
In:    serial
Out:   serial
Err:   serial
Net:   Initializing Fman
mdio_register: added 'FSL_MDIO0', read=7ff31da8, write=7ff31cc4
Fman1: Uploading microcode version 106.4.18
Init switch to forwarding mode... Done
FM1@DTSEC1, FM1@DTSEC2, FM1@DTSEC3 [PRIME], FM1@DTSEC4, FM1@DTSEC5
WatchGuard U-Boot 2014.07 - Aug 12 2015 13:57:01--------------------------------------------------------------------------||||||||||||||||||||||||-------------------------------------------------------------------------++++Use the ^ and v keys to select which entry is highlighted.Press enter to boot the selected OS.WatchGuard (SYSA)                                                     WatchGuard (SYSB)                                                     WatchGuard (SAFE MODE)                                                WatchGuard (SYSA BOOTDRIVE)                                           Hit any key to stop autoboot (except ENTER): 10 
Booting SYSA
31716 bytes read in 29 ms (1 MiB/s)
5289455 bytes read in 325 ms (15.5 MiB/s)
WARNING: adjusting available memory to 30000000
## Booting kernel from Legacy Image at 01000000 ...
   Image Name:   POWERPC OpenWrt Linux-5.10.109
   Created:      2022-04-23  14:31:29 UTC
   Image Type:   PowerPC Linux Kernel Image (gzip compressed)
   Data Size:    5289391 Bytes = 5 MiB
   Load Address: 00000000
   Entry Point:  00000000
   Verifying Checksum ... OK
## Flattened Device Tree blob at 00fc0000
   Booting using the fdt blob at 0xfc0000
   Uncompressing Kernel Image ... OK
   Loading Device Tree to 03fe5000, end 03fffbe3 ... OK
[    0.000000] OF: reserved mem: initialized node qman-fqd, compatible id fsl,qman-fqd
[    0.000000] OF: reserved mem: initialized node qman-pfdr, compatible id fsl,qman-pfdr
[    0.000000] OF: reserved mem: initialized node bman-fbpr, compatible id fsl,bman-fbpr
[    0.000000] MMU: Supported page sizes
[    0.000000]          4 KB as direct
[    0.000000]       4096 KB as direct
[    0.000000]      16384 KB as direct
[    0.000000]      65536 KB as direct
[    0.000000]     262144 KB as direct
[    0.000000]    1048576 KB as direct
[Rev55b] MMU: Book3E HW tablewalk not supported
[    0.000000] Linux version 5.10.109 (matt@SonyVAIO) (powerpc64-openwrt-linux-musl-gcc (OpenWrt GCC 11.2.0 r19124-832b90216f) 11.2.0, GNU ld (GNU Binutils) 2.37) #0 SMP Sat Apr 23 14:31:29 2022
[    0.000000] Using CoreNet Generic machine description
[    0.000000] ioremap() called early from .find_legacy_serial_ports+0x6d8/0x7b0. Use early_ioremap() instead
[    0.000000] printk: bootconsole [udbg0] enabled
[    0.000000] CPU maps initialized for 1 thread per core
[    0.000000] -----------------------------------------------------
[    0.000000] phys_mem_size     = 0x80000000
[    0.000000] dcache_bsize      = 0x40
[    0.000000] icache_bsize      = 0x40
[    0.000000] cpu_features      = 0x00000003008003b4
[    0.000000]   possible        = 0x00000003009003b4
[    0.000000]   always          = 0x00000003008003b4
[    0.000000] cpu_user_features = 0xcc008000 0x08000000
[    0.000000] mmu_features      = 0x000a0010
[    0.000000] firmware_features = 0x0000000000000000
[    0.000000] -----------------------------------------------------
[    0.000000] ioremap() called early from .of_iomap+0x30/0x70. Use early_ioremap() instead
[    0.000000] CoreNet Generic board
[    0.000000] barrier-nospec: using isync; sync as speculation barrier
[    0.000000] Zone ranges:
[    0.000000]   DMA      [mem 0x0000000000000000-0x000000007fffffff]
[    0.000000]   Normal   empty
[    0.000000] Movable zone start for each node
[    0.000000] Early memory node ranges
[    0.000000]   node   0: [mem 0x0000000000000000-0x000000007fffffff]
[    0.000000] Initmem setup node 0 [mem 0x0000000000000000-0x000000007fffffff]
[    0.000000] MMU: Allocated 2112 bytes of context maps for 255 contexts
[    0.000000] percpu: Embedded 18 pages/cpu s35608 r0 d38120 u262144
[    0.000000] Built 1 zonelists, mobility grouping on.  Total pages: 516096
[    0.000000] Kernel command line: root=/dev/mmcblk0p2 rw rootdelay=2 console=ttyS0,115200 fsl_dpaa_fman.fsl_fm_max_frm=1530 fsl_dpaa_fman.fsl_fm_rx_extra_headroom=192
[    0.000000] Dentry cache hash table entries: 262144 (order: 9, 2097152 bytes, linear)
[    0.000000] Inode-cache hash table entries: 131072 (order: 8, 1048576 bytes, linear)
[    0.000000] mem auto-init: stack:off, heap alloc:off, heap free:off
[    0.000000] Memory: 1927584K/2097152K available (9372K kernel code, 1716K rwdata, 1820K rodata, 296K init, 401K bss, 169568K reserved, 0K cma-reserved)
[    0.000000] SLUB: HWalign=64, Order=0-3, MinObjects=0, CPUs=4, Nodes=1
[    0.000000] rcu: Hierarchical RCU implementation.
[    0.000000] rcu: RCU restricting CPUs from NR_CPUS=24 to nr_cpu_ids=4.
[    0.000000] Tracing variant of Tasks RCU enabled.
[    0.000000] rcu: RCU calculated value of scheduler-enlistment delay is 10 jiffies.
[    0.000000] rcu: Adjusting geometry for rcu_fanout_leaf=16, nr_cpu_ids=4
[    0.000000] NR_IRQS: 512, nr_irqs: 512, preallocated irqs: 16
[    0.000000] mpic: Setting up MPIC " OpenPIC  " version 1.2 at ffe040000, max 4 CPUs
[    0.000000] mpic: ISU size: 512, shift: 9, mask: 1ff
[    0.000000] mpic: Initializing for 512 sources
[    0.000000] random: get_random_u64 called from .start_kernel+0x448/0x65c with crng_init=0
[    0.000005] clocksource: timebase: mask: 0xffffffffffffffff max_cycles: 0xe6a171046, max_idle_ns: 881590405314 ns
[    0.010270] clocksource: timebase mult[10000000] shift[23] registered
[    0.019420] Console: colour dummy device 80x25
[    0.023813] pid_max: default: 32768 minimum: 301
[    0.028551] Mount-cache hash table entries: 4096 (order: 3, 32768 bytes, linear)
[    0.035884] Mountpoint-cache hash table entries: 4096 (order: 3, 32768 bytes, linear)
[    0.045049] rcu: Hierarchical SRCU implementation.
[    0.049899] dyndbg: Ignore empty _ddebug table in a CONFIG_DYNAMIC_DEBUG_CORE build
[    0.057739] smp: Bringing up secondary CPUs ...
[    0.063929] smp: Brought up 1 node, 4 CPUs
[    0.071849] clocksource: jiffies: mask: 0xffffffff max_cycles: 0xffffffff, max_idle_ns: 19112604462750000 ns
[    0.081646] futex hash table entries: 1024 (order: 4, 65536 bytes, linear)
[    0.088975] NET: Registered protocol family 16
[    0.093961] thermal_sys: Registered thermal governor 'step_wise'
[    0.094538] cpuidle: using governor teo
[    0.115603] Machine: WatchGuard Firebox M200
[    0.119795] SoC family: QorIQ T1040
[    0.123275] SoC ID: svr:0x85280211, Revision: 1.1
[    0.132181] Found FSL PCI host bridge at 0x0000000ffe240000. Firmware bus number: 0->0
[    0.140062] PCI host bridge /pcie@ffe240000  ranges:
[    0.145002]  MEM 0x0000000c00000000..0x0000000c0fffffff -> 0x00000000e0000000 
[    0.152221]   IO 0x0000000ff8000000..0x0000000ff800ffff -> 0x0000000000000000
[    0.159410] /pcie@ffe240000: PCICSRBAR @ 0xff000000
[    0.164231] setup_pci_atmu: end of DRAM 80000000
[    0.169325] Found FSL PCI host bridge at 0x0000000ffe250000. Firmware bus number: 0->0
[    0.177186] PCI host bridge /pcie@ffe250000  ranges:
[    0.182137]  MEM 0x0000000c10000000..0x0000000c1fffffff -> 0x00000000e0000000 
[    0.189363]   IO 0x0000000ff8010000..0x0000000ff801ffff -> 0x0000000000000000
[    0.196530] /pcie@ffe250000: PCICSRBAR @ 0xff000000
[    0.201372] setup_pci_atmu: end of DRAM 80000000
[    0.206443] Found FSL PCI host bridge at 0x0000000ffe260000. Firmware bus number: 0->0
[    0.214302] PCI host bridge /pcie@ffe260000  ranges:
[    0.219253]  MEM 0x0000000c20000000..0x0000000c2fffffff -> 0x00000000e0000000 
[    0.226478]   IO 0x0000000ff8020000..0x0000000ff802ffff -> 0x0000000000000000
[    0.233644] /pcie@ffe260000: PCICSRBAR @ 0xff000000
[    0.238489] setup_pci_atmu: end of DRAM 80000000
[    0.243553] Found FSL PCI host bridge at 0x0000000ffe270000. Firmware bus number: 0->0
[    0.251412] PCI host bridge /pcie@ffe270000  ranges:
[    0.256364]  MEM 0x0000000c30000000..0x0000000c3fffffff -> 0x00000000e0000000 
[    0.263590]   IO 0x0000000ff8030000..0x0000000ff803ffff -> 0x0000000000000000
[    0.270755] /pcie@ffe270000: PCICSRBAR @ 0xff000000
[    0.275599] setup_pci_atmu: end of DRAM 80000000
[    0.283135] platform ff6000000.qman-portal: Adding to iommu group 0
[    0.289382] platform ff6004000.qman-portal: Adding to iommu group 1
[    0.295618] platform ff6008000.qman-portal: Adding to iommu group 2
[    0.301888] platform ff600c000.qman-portal: Adding to iommu group 3
[    0.308146] platform ff6010000.qman-portal: Adding to iommu group 4
[    0.314423] platform ff6014000.qman-portal: Adding to iommu group 5
[    0.320696] platform ff6018000.qman-portal: Adding to iommu group 6
[    0.326955] platform ff601c000.qman-portal: Adding to iommu group 7
[    0.333214] platform ff6020000.qman-portal: Adding to iommu group 8
[    0.339489] platform ff6024000.qman-portal: Adding to iommu group 9
[    0.345793] platform ffe100300.dma: Adding to iommu group 10
[    0.351417] platform ffe101300.dma: Adding to iommu group 11
[    0.357063] platform ffe114000.sdhc: Adding to iommu group 12
[    0.362836] platform ffe210000.usb: Adding to iommu group 13
[    0.368467] platform ffe211000.usb: Adding to iommu group 14
[    0.374133] platform ffe220000.sata: Adding to iommu group 15
[    0.379867] platform ffe221000.sata: Adding to iommu group 16
[    0.385624] platform ffe318000.qman: Adding to iommu group 17
[    0.391359] platform ffe31a000.bman: Adding to iommu group 18
[    0.397112] fsl-pci ffe240000.pcie: Adding to iommu group 19
[    0.402763] fsl-pci ffe250000.pcie: Adding to iommu group 20
[    0.408429] fsl-pci ffe260000.pcie: Adding to iommu group 21
[    0.414083] fsl-pci ffe270000.pcie: Adding to iommu group 22
[    0.419744] platform ffe140000.qe: Adding to iommu group 23
[    0.437897] PCI: Probing PCI hardware
[    0.441651] fsl-pci ffe240000.pcie: PCI host bridge to bus 0000:00
[    0.447779] pci_bus 0000:00: root bus resource [io  0x8000080000010000-0x800008000001ffff] (bus address [0x0000-0xffff])
[    0.458641] pci_bus 0000:00: root bus resource [mem 0xc00000000-0xc0fffffff] (bus address [0xe0000000-0xefffffff])
[    0.468997] pci_bus 0000:00: root bus resource [bus 00]
[    0.474217] pci_bus 0000:00: busn_res: [bus 00] end is updated to ff
[    0.480628] pci 0000:00:00.0: [1957:0824] type 01 class 0x060400
[    0.486586] pci 0000:00:00.0: reg 0x10: [mem 0xff000000-0xffffffff]
[    0.492911] pci 0000:00:00.0: supports D1 D2
[    0.497106] pci 0000:00:00.0: PME# supported from D0 D1 D2 D3hot D3cold
[    0.503830] fsl-pci ffe240000.pcie: Removing from iommu group 19
[    0.509784] pci 0000:00:00.0: Adding to iommu group 24
[    0.517480] pci 0000:00:00.0: bridge configuration invalid ([bus 00-00]), reconfiguring
[    0.527878] pci 0000:00:00.0: PCI bridge to [bus 01-ff]
[    0.533028] pci 0000:00:00.0:   bridge window [io  0x8000080000010000-0x8000080000010fff]
[    0.541217] pci 0000:00:00.0:   bridge window [mem 0x00000000-0x000fffff]
[    0.547997] pci 0000:00:00.0:   bridge window [mem 0x00000000-0x000fffff 64bit pref]
[    0.555756] pci_bus 0000:01: busn_res: [bus 01-ff] end is updated to 01
[    0.562359] pci_bus 0000:00: busn_res: [bus 00-ff] end is updated to 01
[    0.569075] fsl-pci ffe250000.pcie: PCI host bridge to bus 0001:00
[    0.575179] pci_bus 0001:00: root bus resource [io  0x8000080000021000-0x8000080000030fff] (bus address [0x0000-0xffff])
[    0.586065] pci_bus 0001:00: root bus resource [mem 0xc10000000-0xc1fffffff] (bus address [0xe0000000-0xefffffff])
[    0.596418] pci_bus 0001:00: root bus resource [bus 00]
[    0.601637] pci_bus 0001:00: busn_res: [bus 00] end is updated to ff
[    0.608035] pci 0001:00:00.0: [1957:0824] type 01 class 0x060400
[    0.614006] pci 0001:00:00.0: reg 0x10: [mem 0xff000000-0xffffffff]
[    0.620331] pci 0001:00:00.0: supports D1 D2
[    0.624528] pci 0001:00:00.0: PME# supported from D0 D1 D2 D3hot D3cold
[    0.631242] fsl-pci ffe250000.pcie: Removing from iommu group 20
[    0.637194] pci 0001:00:00.0: Adding to iommu group 19
[    0.644797] pci 0001:00:00.0: bridge configuration invalid ([bus 00-00]), reconfiguring
[    0.655187] pci 0001:00:00.0: PCI bridge to [bus 01-ff]
[    0.660338] pci 0001:00:00.0:   bridge window [io  0x8000080000021000-0x8000080000021fff]
[    0.668525] pci 0001:00:00.0:   bridge window [mem 0x00000000-0x000fffff]
[    0.675307] pci 0001:00:00.0:   bridge window [mem 0x00000000-0x000fffff 64bit pref]
[    0.683065] pci_bus 0001:01: busn_res: [bus 01-ff] end is updated to 01
[    0.689668] pci_bus 0001:00: busn_res: [bus 00-ff] end is updated to 01
[    0.696377] fsl-pci ffe260000.pcie: PCI host bridge to bus 0002:00
[    0.702481] pci_bus 0002:00: root bus resource [io  0x8000080000032000-0x8000080000041fff] (bus address [0x0000-0xffff])
[    0.713366] pci_bus 0002:00: root bus resource [mem 0xc20000000-0xc2fffffff] (bus address [0xe0000000-0xefffffff])
[    0.723732] pci_bus 0002:00: root bus resource [bus 00]
[    0.728939] pci_bus 0002:00: busn_res: [bus 00] end is updated to ff
[    0.735325] pci 0002:00:00.0: [1957:0824] type 01 class 0x060400
[    0.741308] pci 0002:00:00.0: reg 0x10: [mem 0xff000000-0xffffffff]
[    0.747630] pci 0002:00:00.0: supports D1 D2
[    0.751830] pci 0002:00:00.0: PME# supported from D0 D1 D2 D3hot D3cold
[    0.758547] fsl-pci ffe260000.pcie: Removing from iommu group 21
[    0.764498] pci 0002:00:00.0: Adding to iommu group 20
[    0.772102] pci 0002:00:00.0: bridge configuration invalid ([bus 00-00]), reconfiguring
[    0.782492] pci 0002:00:00.0: PCI bridge to [bus 01-ff]
[    0.787643] pci 0002:00:00.0:   bridge window [io  0x8000080000032000-0x8000080000032fff]
[    0.795831] pci 0002:00:00.0:   bridge window [mem 0x00000000-0x000fffff]
[    0.802612] pci 0002:00:00.0:   bridge window [mem 0x00000000-0x000fffff 64bit pref]
[    0.810370] pci_bus 0002:01: busn_res: [bus 01-ff] end is updated to 01
[    0.816973] pci_bus 0002:00: busn_res: [bus 00-ff] end is updated to 01
[    0.823690] fsl-pci ffe270000.pcie: PCI host bridge to bus 0003:00
[    0.829794] pci_bus 0003:00: root bus resource [io  0x8000080000043000-0x8000080000052fff] (bus address [0x0000-0xffff])
[    0.840691] pci_bus 0003:00: root bus resource [mem 0xc30000000-0xc3fffffff] (bus address [0xe0000000-0xefffffff])
[    0.851035] pci_bus 0003:00: root bus resource [bus 00]
[    0.856253] pci_bus 0003:00: busn_res: [bus 00] end is updated to ff
[    0.862637] pci 0003:00:00.0: [1957:0824] type 01 class 0x060400
[    0.868622] pci 0003:00:00.0: reg 0x10: [mem 0xff000000-0xffffffff]
[    0.874943] pci 0003:00:00.0: supports D1 D2
[    0.879143] pci 0003:00:00.0: PME# supported from D0 D1 D2 D3hot D3cold
[    0.885857] fsl-pci ffe270000.pcie: Removing from iommu group 22
[    0.891809] pci 0003:00:00.0: Adding to iommu group 21
[    0.899412] pci 0003:00:00.0: bridge configuration invalid ([bus 00-00]), reconfiguring
[    0.909800] pci 0003:00:00.0: PCI bridge to [bus 01-ff]
[    0.914951] pci 0003:00:00.0:   bridge window [io  0x8000080000043000-0x8000080000043fff]
[    0.923138] pci 0003:00:00.0:   bridge window [mem 0x00000000-0x000fffff]
[    0.929920] pci 0003:00:00.0:   bridge window [mem 0x00000000-0x000fffff 64bit pref]
[    0.937677] pci_bus 0003:01: busn_res: [bus 01-ff] end is updated to 01
[    0.944281] pci_bus 0003:00: busn_res: [bus 00-ff] end is updated to 01
[    0.950909] PCI: Cannot allocate resource region 0 of device 0000:00:00.0, will remap
[    0.958728] PCI: Cannot allocate resource region 0 of device 0001:00:00.0, will remap
[    0.966576] PCI: Cannot allocate resource region 0 of device 0002:00:00.0, will remap
[    0.974394] PCI: Cannot allocate resource region 0 of device 0003:00:00.0, will remap
[    0.982269] pci 0000:00:00.0: BAR 0: no space for [mem size 0x01000000]
[    0.988842] pci 0000:00:00.0: BAR 0: failed to assign [mem size 0x01000000]
[    0.995812] pci 0000:00:00.0: PCI bridge to [bus 01]
[    1.000768] pci 0000:00:00.0:   bridge window [io  0x8000080000010000-0x800008000001ffff]
[    1.008954] pci 0000:00:00.0:   bridge window [mem 0xc00000000-0xc0fffffff]
[    1.015914] pci_bus 0000:00: Some PCI device resources are unassigned, try booting with pci=realloc
[    1.024969] pci_bus 0000:00: resource 4 [io  0x8000080000010000-0x800008000001ffff]
[    1.032623] pci_bus 0000:00: resource 5 [mem 0xc00000000-0xc0fffffff]
[    1.039069] pci_bus 0000:01: resource 0 [io  0x8000080000010000-0x800008000001ffff]
[    1.046724] pci_bus 0000:01: resource 1 [mem 0xc00000000-0xc0fffffff]
[    1.053172] pci 0001:00:00.0: BAR 0: no space for [mem size 0x01000000]
[    1.059780] pci 0001:00:00.0: BAR 0: failed to assign [mem size 0x01000000]
[    1.066747] pci 0001:00:00.0: PCI bridge to [bus 01]
[    1.071705] pci 0001:00:00.0:   bridge window [io  0x8000080000021000-0x8000080000030fff]
[    1.079891] pci 0001:00:00.0:   bridge window [mem 0xc10000000-0xc1fffffff]
[    1.086851] pci_bus 0001:00: Some PCI device resources are unassigned, try booting with pci=realloc
[    1.095911] pci_bus 0001:00: resource 4 [io  0x8000080000021000-0x8000080000030fff]
[    1.103561] pci_bus 0001:00: resource 5 [mem 0xc10000000-0xc1fffffff]
[    1.110007] pci_bus 0001:01: resource 0 [io  0x8000080000021000-0x8000080000030fff]
[    1.117661] pci_bus 0001:01: resource 1 [mem 0xc10000000-0xc1fffffff]
[    1.124110] pci 0002:00:00.0: BAR 0: no space for [mem size 0x01000000]
[    1.130717] pci 0002:00:00.0: BAR 0: failed to assign [mem size 0x01000000]
[    1.137685] pci 0002:00:00.0: PCI bridge to [bus 01]
[    1.142643] pci 0002:00:00.0:   bridge window [io  0x8000080000032000-0x8000080000041fff]
[    1.150829] pci 0002:00:00.0:   bridge window [mem 0xc20000000-0xc2fffffff]
[    1.157788] pci_bus 0002:00: Some PCI device resources are unassigned, try booting with pci=realloc
[    1.166843] pci_bus 0002:00: resource 4 [io  0x8000080000032000-0x8000080000041fff]
[    1.174498] pci_bus 0002:00: resource 5 [mem 0xc20000000-0xc2fffffff]
[    1.180944] pci_bus 0002:01: resource 0 [io  0x8000080000032000-0x8000080000041fff]
[    1.188599] pci_bus 0002:01: resource 1 [mem 0xc20000000-0xc2fffffff]
[    1.195047] pci 0003:00:00.0: BAR 0: no space for [mem size 0x01000000]
[    1.201655] pci 0003:00:00.0: BAR 0: failed to assign [mem size 0x01000000]
[    1.208623] pci 0003:00:00.0: PCI bridge to [bus 01]
[    1.213587] pci 0003:00:00.0:   bridge window [io  0x8000080000043000-0x8000080000052fff]
[    1.221773] pci 0003:00:00.0:   bridge window [mem 0xc30000000-0xc3fffffff]
[    1.228726] pci_bus 0003:00: Some PCI device resources are unassigned, try booting with pci=realloc
[    1.237782] pci_bus 0003:00: resource 4 [io  0x8000080000043000-0x8000080000052fff]
[    1.245438] pci_bus 0003:00: resource 5 [mem 0xc30000000-0xc3fffffff]
[    1.251882] pci_bus 0003:01: resource 0 [io  0x8000080000043000-0x8000080000052fff]
[    1.259536] pci_bus 0003:01: resource 1 [mem 0xc30000000-0xc3fffffff]
[    1.274652] Freescale Elo series DMA driver
[    1.279184] fsl-elo-dma ffe100300.dma: #0 (fsl,eloplus-dma-channel), irq 28
[    1.286134] fsl-elo-dma ffe100300.dma: #1 (fsl,eloplus-dma-channel), irq 29
[    1.293097] fsl-elo-dma ffe100300.dma: #2 (fsl,eloplus-dma-channel), irq 30
[    1.300048] fsl-elo-dma ffe100300.dma: #3 (fsl,eloplus-dma-channel), irq 31
[    1.307017] fsl-elo-dma ffe100300.dma: #4 (fsl,eloplus-dma-channel), irq 76
[    1.313977] fsl-elo-dma ffe100300.dma: #5 (fsl,eloplus-dma-channel), irq 77
[    1.320948] fsl-elo-dma ffe100300.dma: #6 (fsl,eloplus-dma-channel), irq 78
[    1.327900] fsl-elo-dma ffe100300.dma: #7 (fsl,eloplus-dma-channel), irq 79
[    1.335389] fsl-elo-dma ffe101300.dma: #0 (fsl,eloplus-dma-channel), irq 32
[    1.342328] fsl-elo-dma ffe101300.dma: #1 (fsl,eloplus-dma-channel), irq 33
[    1.349308] fsl-elo-dma ffe101300.dma: #2 (fsl,eloplus-dma-channel), irq 34
[    1.356256] fsl-elo-dma ffe101300.dma: #3 (fsl,eloplus-dma-channel), irq 35
[    1.363224] fsl-elo-dma ffe101300.dma: #4 (fsl,eloplus-dma-channel), irq 80
[    1.370184] fsl-elo-dma ffe101300.dma: #5 (fsl,eloplus-dma-channel), irq 81
[    1.377153] fsl-elo-dma ffe101300.dma: #6 (fsl,eloplus-dma-channel), irq 82
[    1.384107] fsl-elo-dma ffe101300.dma: #7 (fsl,eloplus-dma-channel), irq 83
[    1.391628] iommu: Default domain type: Translated 
[    1.396570] SCSI subsystem initialized
[    1.400360] usbcore: registered new interface driver usbfs
[    1.405807] usbcore: registered new interface driver hub
[    1.411102] usbcore: registered new device driver usb
[    1.416170] pps_core: LinuxPPS API ver. 1 registered
[    1.421083] pps_core: Software ver. 5.3.6 - Copyright 2005-2007 Rodolfo Giometti <giometti@linux.it>
[    1.430245] EDAC MC: Ver: 3.0.0
[    1.434016] fsl-ifc ffe124000.localbus: Freescale Integrated Flash Controller
[    1.441116] fsl-ifc ffe124000.localbus: IFC version 1.3, 8 banks
[    1.448160] clocksource: Switched to clocksource timebase
[    1.456530] NET: Registered protocol family 2
[    1.461015] IP idents hash table entries: 32768 (order: 6, 262144 bytes, linear)
[    1.469647] tcp_listen_portaddr_hash hash table entries: 1024 (order: 2, 16384 bytes, linear)
[    1.478127] TCP established hash table entries: 16384 (order: 5, 131072 bytes, linear)
[    1.486147] TCP bind hash table entries: 16384 (order: 6, 262144 bytes, linear)
[    1.493604] TCP: Hash tables configured (established 16384 bind 16384)
[    1.500192] UDP hash table entries: 1024 (order: 3, 32768 bytes, linear)
[    1.506854] UDP-Lite hash table entries: 1024 (order: 3, 32768 bytes, linear)
[    1.514142] NET: Registered protocol family 1
[    1.518485] PCI: CLS 0 bytes, default 64
[    1.523432] workingset: timestamp_bits=46 max_order=19 bucket_order=0
[    1.534112] squashfs: version 4.0 (2009/01/31) Phillip Lougher
[    1.539903] jffs2: version 2.2 (NAND) (SUMMARY) (LZMA) (RTIME) (CMODE_PRIORITY) (c) 2001-2006 Red Hat, Inc.
[    1.590885] bman_portal ff4000000.bman-portal: Portal initialised, cpu 0
[    1.597607] bman_portal ff4004000.bman-portal: Portal initialised, cpu 1
[    1.604355] bman_portal ff4008000.bman-portal: Portal initialised, cpu 2
[    1.611068] bman_portal ff400c000.bman-portal: Portal initialised, cpu 3
[    1.618344] qman_portal ff6000000.qman-portal: Portal initialised, cpu 0
[    1.625069] qman_portal ff6004000.qman-portal: Portal initialised, cpu 1
[    1.631802] qman_portal ff6008000.qman-portal: Portal initialised, cpu 2
[    1.638653] qman_portal ff600c000.qman-portal: Portal initialised, cpu 3
[    1.645792] Serial: 8250/16550 driver, 4 ports, IRQ sharing enabled
[    1.652718] printk: console [ttyS0] disabled
[    1.656938] serial8250.0: ttyS0 at MMIO 0xffe11c500 (irq = 36, base_baud = 15625000) is a 16550A_FSL64
[    1.666264] printk: console [ttyS0] enabled
[    1.666264] printk: console [ttyS0] enabled
[    1.674586] printk: bootconsole [udbg0] disabled
[    1.674586] printk: bootconsole [udbg0] disabled
[    1.684036] serial8250.0: ttyS1 at MMIO 0xffe11c600 (irq = 36, base_baud = 15625000) is a 16550A_FSL64
[    1.693573] serial8250.0: ttyS2 at MMIO 0xffe11d500 (irq = 37, base_baud = 15625000) is a 16550A_FSL64
[    1.703116] serial8250.0: ttyS3 at MMIO 0xffe11d600 (irq = 37, base_baud = 15625000) is a 16550A_FSL64
[    1.715650] loop: module loaded
[    1.719204] physmap-flash fefc00000.nor: physmap platform flash device: [mem 0xfefc00000-0xfefffffff]
[    1.728561] fefc00000.nor: Found 1 x16 devices at 0x0 in 16-bit bank. Manufacturer ID 0x000001 Chip ID 0x001a00
[    1.738679] Amd/Fujitsu Extended Query Table at 0x0040
[    1.743841]   Amd/Fujitsu Extended Query version 1.3.
[    1.748906] number of CFI chips: 1
[    1.752642] 11 fixed-partitions partitions found on MTD device fefc00000.nor
[    1.759719] Creating 11 MTD partitions on "fefc00000.nor":
[    1.765213] 0x000000000000-0x000000010000 : "qoriq-rcw"
[    1.770816] ftl_cs: FTL header not found.
[    1.774942] 0x000000010000-0x000000030000 : "wg_cfg0"
[    1.780183] ftl_cs: FTL header not found.
[    1.784306] 0x000000030000-0x000000040000 : "wg_cfg1"
[    1.789520] ftl_cs: FTL header not found.
[    1.793986] 0x000000040000-0x000000050000 : "wg_mfg_data"
[    1.799634] ftl_cs: FTL header not found.
[    1.803765] 0x000000050000-0x000000100000 : "wg_bootopt_data_and_reserved"
[    1.811081] ftl_cs: FTL header not found.
[    1.815184] 0x000000100000-0x0000001b0000 : "wg_extra_reserved_1"
[    1.821720] ftl_cs: FTL header not found.
[    1.825834] 0x0000001b0000-0x000000260000 : "wg_extra_reserved_2"
[    1.832370] ftl_cs: FTL header not found.
[    1.836477] 0x000000260000-0x000000320000 : "wg_u-boot_failsafe"
[    1.842932] ftl_cs: FTL header not found.
[    1.847056] 0x000000320000-0x000000330000 : "qoriq-fman"
[    1.852536] ftl_cs: FTL header not found.
[    1.856710] 0x000000330000-0x000000340000 : "u-boot-env"
[    1.862200] ftl_cs: FTL header not found.
[    1.866320] 0x000000340000-0x000000400000 : "u-boot"
[    1.871734] ftl_cs: FTL header not found.
[    1.878486] fsl_espi ffe110000.spi: cs=0, init_csmode=0x100008
[    1.884337] fsl_espi ffe110000.spi: cs=1, init_csmode=0x100008
[    1.890199] fsl_espi ffe110000.spi: cs=2, init_csmode=0x100008
[    1.896571] fsl_espi ffe110000.spi: irq = 53
[    1.904224] hwmon hwmon0: temp1_input not attached to any thermal zone
[    1.911471] hwmon hwmon1: temp1_input not attached to any thermal zone
[    1.918693] hwmon hwmon2: temp1_input not attached to any thermal zone
[    1.925889] mv88e6085 0x0000000ffe4fc000:10: switch 0x1710 detected: Marvell 88E6171, revision 2
[    1.993129] fsl_dpaa_mac ffe4e0000.ethernet: FMan MEMAC
[    1.998398] fsl_dpaa_mac ffe4e0000.ethernet: FMan MAC address: 00:90:7f:d5:ec:c0
[    2.006116] fsl_dpaa_mac ffe4e2000.ethernet: FMan MEMAC
[    2.011366] fsl_dpaa_mac ffe4e2000.ethernet: FMan MAC address: 00:90:7f:d5:ec:c1
[    2.019061] fsl_dpaa_mac ffe4e4000.ethernet: FMan MEMAC
[    2.024299] fsl_dpaa_mac ffe4e4000.ethernet: FMan MAC address: 00:90:7f:d5:ec:c2
[    2.032195] fsl_dpaa_mac ffe4e6000.ethernet: FMan MEMAC
[    2.037435] fsl_dpaa_mac ffe4e6000.ethernet: FMan MAC address: 00:90:7f:d5:ec:c3
[    2.045395] fsl_dpaa_mac ffe4e8000.ethernet: FMan MEMAC
[    2.050654] fsl_dpaa_mac ffe4e8000.ethernet: FMan MAC address: 00:90:7f:d5:ec:c4
[    2.063729] fsl_dpaa_mac ffe4e0000.ethernet eth0: Probed interface eth0
[    2.075818] fsl_dpaa_mac ffe4e2000.ethernet eth1: Probed interface eth1
[    2.087915] fsl_dpaa_mac ffe4e4000.ethernet eth2: Probed interface eth2
[    2.100078] fsl_dpaa_mac ffe4e6000.ethernet eth3: Probed interface eth3
[    2.112217] fsl_dpaa_mac ffe4e8000.ethernet eth4: Probed interface eth4
[    2.118939] ehci_hcd: USB 2.0 'Enhanced' Host Controller (EHCI) Driver
[    2.126063] ehci-fsl: Freescale EHCI Host controller driver
[    2.131785] fsl-ehci fsl-ehci.0: Freescale On-Chip EHCI Host Controller
[    2.138432] fsl-ehci fsl-ehci.0: new USB bus registered, assigned bus number 1
[    2.459776] fsl-ehci fsl-ehci.0: irq 44, io mem 0xffe210000
[    2.488170] fsl-ehci fsl-ehci.0: USB 2.0 started, EHCI 1.00
[    2.494101] hub 1-0:1.0: USB hub found
[    2.497878] hub 1-0:1.0: 1 port detected
[    2.502091] fsl-ehci fsl-ehci.1: Freescale On-Chip EHCI Host Controller
[    2.508745] fsl-ehci fsl-ehci.1: new USB bus registered, assigned bus number 2
[    2.830083] fsl-ehci fsl-ehci.1: irq 45, io mem 0xffe211000
[    2.858173] fsl-ehci fsl-ehci.1: USB 2.0 started, EHCI 1.00
[    2.864099] hub 2-0:1.0: USB hub found
[    2.867876] hub 2-0:1.0: 1 port detected
[    2.872258] usbcore: registered new interface driver uas
[    2.877642] usbcore: registered new interface driver usb-storage
[    2.884227] mpc-i2c ffe118000.i2c: timeout 1000000 us
[    2.889837] mpc-i2c ffe118100.i2c: timeout 1000000 us
[    2.895201] mpc-i2c ffe119000.i2c: timeout 1000000 us
[    2.900433] mpc-i2c ffe119100.i2c: timeout 1000000 us
[    2.916908] Freescale(R) MPC85xx EDAC driver, (C) 2006 Montavista Software
[    2.924312] fsl_mc_err_probe: No ECC DIMMs discovered
[    2.931163] EDAC PCI0: Giving out device to module MPC85xx_edac controller mpc85xx_pci_err: DEV mpc85xx-pci-edac.0.auto (INTERRUPT)
[    2.943077] MPC85xx_edac acquired irq 20 for PCI Err
[    2.948047] MPC85xx_edac PCI err registered
[    2.952320] EDAC PCI1: Giving out device to module MPC85xx_edac controller mpc85xx_pci_err: DEV mpc85xx-pci-edac.1.auto (INTERRUPT)
[    2.964202] MPC85xx_edac acquired irq 21 for PCI Err
[    2.969177] MPC85xx_edac PCI err registered
[    2.973421] EDAC PCI2: Giving out device to module MPC85xx_edac controller mpc85xx_pci_err: DEV mpc85xx-pci-edac.2.auto (INTERRUPT)
[    2.985297] MPC85xx_edac acquired irq 22 for PCI Err
[    2.990272] MPC85xx_edac PCI err registered
[    2.994514] EDAC PCI3: Giving out device to module MPC85xx_edac controller mpc85xx_pci_err: DEV mpc85xx-pci-edac.3.auto (INTERRUPT)
[    3.006391] MPC85xx_edac acquired irq 23 for PCI Err
[    3.011366] MPC85xx_edac PCI err registered
[    3.017038] qoriq-cpufreq qoriq-cpufreq: Freescale QorIQ CPU frequency scaling driver
[    3.025437] sdhci: Secure Digital Host Controller Interface driver
[    3.031660] sdhci: Copyright(c) Pierre Ossman
[    3.036020] sdhci-pltfm: SDHCI platform and OF driver helper
[    3.043178] caam ffe300000.crypto: Linux CAAM Queue I/F driver initialised
[    3.050106] caam ffe300000.crypto: Entropy delay = 3200
[    3.068182] mmc0: SDHCI controller on ffe114000.sdhc [ffe114000.sdhc] using ADMA 64-bit
[    3.087430] caam ffe300000.crypto: Instantiated RNG4 SH0
[    3.110063] mmc0: new high speed SDHC card at address 59b4
[    3.116371] mmcblk0: mmc0:59b4 SDC   7.34 GiB 
[    3.119512] caam ffe300000.crypto: Instantiated RNG4 SH1
[    3.122007]  mmcblk0: p1 p2
[    3.126153] caam ffe300000.crypto: device ID = 0x0a12040000000000 (Era 6)
[    3.135746] caam ffe300000.crypto: job rings = 4, qi = 1
[    3.141241] platform ffe301000.jr: Adding to iommu group 22
[    3.147136] platform ffe302000.jr: Adding to iommu group 25
[    3.153018] platform ffe303000.jr: Adding to iommu group 26
[    3.158875] platform ffe304000.jr: Adding to iommu group 27
[    3.170671] caam algorithms registered in /proc/crypto
[    3.177452] caam ffe300000.crypto: caam pkc algorithms registered in /proc/crypto
[    3.184972] caam ffe300000.crypto: registering rng-caam
[    3.195456] caam ffe300000.crypto: algorithms registered in /proc/crypto
[    3.203880] NET: Registered protocol family 10
[    3.209296] Segment Routing with IPv6
[    3.213015] NET: Registered protocol family 17
[    3.217596] 8021q: 802.1Q VLAN Support v1.8
[    3.221903] drmem: No dynamic reconfiguration memory found
[    3.229655] mv88e6085 0x0000000ffe4fc000:10: switch 0x1710 detected: Marvell 88E6171, revision 2
[    3.350678] random: fast init done
[    3.414889] random: crng init done
[    3.999776] mv88e6085 0x0000000ffe4fc000:10 sweth3 (uninitialized): PHY [!soc@ffe000000!fman@400000!mdio@fc000!switch@10!mdio:00] driver [Generic PHY] (irq=POLL)
[    4.024580] mv88e6085 0x0000000ffe4fc000:10 sweth4 (uninitialized): PHY [!soc@ffe000000!fman@400000!mdio@fc000!switch@10!mdio:01] driver [Generic PHY] (irq=POLL)
[    4.049377] mv88e6085 0x0000000ffe4fc000:10 sweth5 (uninitialized): PHY [!soc@ffe000000!fman@400000!mdio@fc000!switch@10!mdio:02] driver [Generic PHY] (irq=POLL)
[    4.074148] mv88e6085 0x0000000ffe4fc000:10 sweth6 (uninitialized): PHY [!soc@ffe000000!fman@400000!mdio@fc000!switch@10!mdio:03] driver [Generic PHY] (irq=POLL)
[    4.098937] mv88e6085 0x0000000ffe4fc000:10 sweth7 (uninitialized): PHY [!soc@ffe000000!fman@400000!mdio@fc000!switch@10!mdio:04] driver [Generic PHY] (irq=POLL)
[    4.115852] mv88e6085 0x0000000ffe4fc000:10: configuring for fixed/rgmii-id link mode
[    4.124357] DSA: tree 0 setup
[    4.128168] Waiting 2 sec before mounting root device...
[    4.135463] mv88e6085 0x0000000ffe4fc000:10: Link is Up - 1Gbps/Full - flow control off
[    6.209566] EXT4-fs (mmcblk0p2): mounted filesystem without journal. Opts: (null)
[    6.217125] VFS: Mounted root (ext4 filesystem) on device 179:2.
[    6.223458] Freeing unused kernel memory: 296K
[    6.227915] This architecture does not have kernel memory protection.
[    6.234420] Run /sbin/init as init process
[    6.325342] init: Console is alive
[    6.430399] kmodloader: loading kernel modules from /etc/modules-boot.d/*
[    6.447166] PTP clock support registered
[    6.460598] tpm tpm0: starting up the TPM manually
[    6.553595] rtc-rs5c372 0-0032: rs5c372a found, 24hr
[    6.567672] rtc-rs5c372 0-0032: registered as rtc0
[    6.574765] rtc-rs5c372 0-0032: setting system clock to 2022-04-26T12:38:43 UTC (1650976723)
[    6.583656] kmodloader: done loading kernel modules from /etc/modules-boot.d/*
[    6.601660] init: - preinit -
Press the [f] key and hit [enter] to enter failsafe mode
Press the [1], [2], [3] or [4] key and hit [enter] to select the debug level
[   11.266335] mount_root: mounting /dev/root
[   11.298695] IPv6: ADDRCONF(NETDEV_CHANGE): eth1: link becomes ready
[   11.315820] EXT4-fs (mmcblk0p2): re-mounted. Opts: (null)
[   11.406374] EXT4-fs (mmcblk0p1): mounted filesystem without journal. Opts: (null)
[   11.468432] urandom-seed: Saving 4096 bits of creditable seed for next boot
[   12.083583] procd: - early -
[   12.668923] procd: - ubus -
[   12.723753] procd: - init -
Please press Enter to activate this console.
[   12.947462] urngd: v1.0.2 started.
[   12.959732] kmodloader: loading kernel modules from /etc/modules.d/*
[   12.972009] i2c /dev entries driver
[   12.995365] ptp_qoriq: device tree node missing required elements, try automatic configuration
[   13.004167] pps pps0: new PPS source ptp0
[   13.010946] w83793 0-002c: set bank to 248 failed, fall back to bank 250, read reg 0xc error
[   13.019430] w83793 0-002c: duplicate addresses 0x48, use force_subclient
[   13.031185] hwmon_vid: Unknown VRM version of your CPU
[   13.036588] w83793 0-002d: hwmon_device_register() is deprecated. Please convert the driver to use hwmon_device_register_with_info().
[   13.050630] w83793 0-002d: Registered watchdog chardev major 10, minor: 130
[   13.079997] PPP generic driver version 2.4.2
[   13.084901] NET: Registered protocol family 24
[   13.092312] kmodloader: done loading kernel modules from /etc/modules.d/*
[   23.267115] br-lan: port 1(eth1) entered blocking state
[   23.272417] br-lan: port 1(eth1) entered disabled state
[   23.277838] device eth1 entered promiscuous mode
[   23.306640] IPv6: ADDRCONF(NETDEV_CHANGE): eth4: link becomes ready
[   23.313803] device eth4 entered promiscuous mode
[   23.319118] mv88e6085 0x0000000ffe4fc000:10 sweth3: configuring for phy/ link mode
[   23.330252] 8021q: adding VLAN 0 to HW filter on device sweth3
[   23.349150] mv88e6085 0x0000000ffe4fc000:10 sweth4: configuring for phy/ link mode
[   23.367207] 8021q: adding VLAN 0 to HW filter on device sweth4
[   23.393856] mv88e6085 0x0000000ffe4fc000:10 sweth5: configuring for phy/ link mode
[   23.408999] 8021q: adding VLAN 0 to HW filter on device sweth5
[   23.427996] mv88e6085 0x0000000ffe4fc000:10 sweth6: configuring for phy/ link mode
[   23.445320] 8021q: adding VLAN 0 to HW filter on device sweth6
[   23.463168] mv88e6085 0x0000000ffe4fc000:10 sweth7: configuring for phy/ link mode
[   23.484557] 8021q: adding VLAN 0 to HW filter on device sweth7
[   26.418974] br-lan: port 1(eth1) entered blocking state
[   26.424227] br-lan: port 1(eth1) entered forwarding state
[   26.430007] IPv6: ADDRCONF(NETDEV_CHANGE): br-lan: link becomes ready
[   26.517516] mv88e6085 0x0000000ffe4fc000:10 sweth3: Link is Up - 1Gbps/Full - flow control rx/tx
[   26.526371] IPv6: ADDRCONF(NETDEV_CHANGE): sweth3: link becomes ready
[   26.659514] IPv6: ADDRCONF(NETDEV_CHANGE): eth0: link becomes ready



BusyBox v1.35.0 (2022-04-07 17:22:59 UTC) built-in shell (ash)

  _______                     ________        __
 |       |.-----.-----.-----.|  |  |  |.----.|  |_
 |   -   ||  _  |  -__|     ||  |  |  ||   _||   _|
 |_______||   __|_____|__|__||________||__|  |____|
          |__| W I R E L E S S   F R E E D O M
 -----------------------------------------------------
 OpenWrt SNAPSHOT, r19389+5-2190f20768
 -----------------------------------------------------
=== WARNING! =====================================
There is no root password defined on this device!
Use the "passwd" command to set up a new password
in order to prevent unauthorized SSH logins.
--------------------------------------------------
root@OpenWrt:/# ip addr
1: lo: <LOOPBACK,UP,LOWER_UP> mtu 65536 qdisc noqueue state UNKNOWN qlen 1000
    link/loopback 00:00:00:00:00:00 brd 00:00:00:00:00:00
    inet 127.0.0.1/8 scope host lo
       valid_lft forever preferred_lft forever
    inet6 ::1/128 scope host 
       valid_lft forever preferred_lft forever
2: eth0: <BROADCAST,MULTICAST,UP,LOWER_UP> mtu 1500 qdisc mq state UP qlen 1000
    link/ether 00:90:7f:d5:ec:c0 brd ff:ff:ff:ff:ff:ff
    inet6 fe80::290:7fff:fed5:ecc0/64 scope link 
       valid_lft forever preferred_lft forever
3: eth1: <BROADCAST,MULTICAST,UP,LOWER_UP> mtu 1500 qdisc mq master br-lan state UP qlen 1000
    link/ether 00:90:7f:d5:ec:c1 brd ff:ff:ff:ff:ff:ff
4: eth2: <NO-CARRIER,BROADCAST,MULTICAST,UP> mtu 1500 qdisc mq state DOWN qlen 1000
    link/ether 00:90:7f:d5:ec:c2 brd ff:ff:ff:ff:ff:ff
    inet 10.0.2.1/24 brd 10.0.2.255 scope global eth2
       valid_lft forever preferred_lft forever
    inet6 fd27:6be2:71bd::1/60 scope global tentative noprefixroute 
       valid_lft forever preferred_lft forever
5: eth3: <BROADCAST,MULTICAST> mtu 1500 qdisc noop state DOWN qlen 1000
    link/ether 00:90:7f:d5:ec:c3 brd ff:ff:ff:ff:ff:ff
6: eth4: <BROADCAST,MULTICAST,UP,LOWER_UP> mtu 1508 qdisc mq state UP qlen 1000
    link/ether 00:90:7f:d5:ec:c4 brd ff:ff:ff:ff:ff:ff
    inet6 fe80::290:7fff:fed5:ecc4/64 scope link 
       valid_lft forever preferred_lft forever
7: sweth3@eth4: <BROADCAST,MULTICAST,UP,LOWER_UP> mtu 1500 qdisc noqueue state UP qlen 1000
    link/ether 00:90:7f:d5:ec:c3 brd ff:ff:ff:ff:ff:ff
    inet 10.0.3.1/24 brd 10.0.3.255 scope global sweth3
       valid_lft forever preferred_lft forever
    inet6 fd27:6be2:71bd:20::1/60 scope global noprefixroute 
       valid_lft forever preferred_lft forever
    inet6 fe80::290:7fff:fed5:ecc3/64 scope link 
       valid_lft forever preferred_lft forever
8: sweth4@eth4: <NO-CARRIER,BROADCAST,MULTICAST,UP> mtu 1500 qdisc noqueue state LOWERLAYERDOWN qlen 1000
    link/ether 00:90:7f:d5:ec:c4 brd ff:ff:ff:ff:ff:ff
    inet 10.0.4.1/24 brd 10.0.4.255 scope global sweth4
       valid_lft forever preferred_lft forever
    inet6 fd27:6be2:71bd:30::1/60 scope global tentative noprefixroute 
       valid_lft forever preferred_lft forever
9: sweth5@eth4: <NO-CARRIER,BROADCAST,MULTICAST,UP> mtu 1500 qdisc noqueue state LOWERLAYERDOWN qlen 1000
    link/ether 00:90:7f:d5:ec:c5 brd ff:ff:ff:ff:ff:ff
    inet 10.0.5.1/24 brd 10.0.5.255 scope global sweth5
       valid_lft forever preferred_lft forever
    inet6 fd27:6be2:71bd:40::1/60 scope global tentative noprefixroute 
       valid_lft forever preferred_lft forever
10: sweth6@eth4: <NO-CARRIER,BROADCAST,MULTICAST,UP> mtu 1500 qdisc noqueue state LOWERLAYERDOWN qlen 1000
    link/ether 00:90:7f:d5:ec:c6 brd ff:ff:ff:ff:ff:ff
    inet 10.0.6.1/24 brd 10.0.6.255 scope global sweth6
       valid_lft forever preferred_lft forever
    inet6 fd27:6be2:71bd:50::1/60 scope global tentative noprefixroute 
       valid_lft forever preferred_lft forever
11: sweth7@eth4: <NO-CARRIER,BROADCAST,MULTICAST,UP> mtu 1500 qdisc noqueue state LOWERLAYERDOWN qlen 1000
    link/ether 00:90:7f:d5:ec:c7 brd ff:ff:ff:ff:ff:ff
    inet 10.0.7.1/24 brd 10.0.7.255 scope global sweth7
       valid_lft forever preferred_lft forever
    inet6 fd27:6be2:71bd:60::1/60 scope global tentative noprefixroute 
       valid_lft forever preferred_lft forever
12: br-lan: <BROADCAST,MULTICAST,UP,LOWER_UP> mtu 1500 qdisc noqueue state UP qlen 1000
    link/ether 00:90:7f:d5:ec:c1 brd ff:ff:ff:ff:ff:ff
    inet 192.168.1.1/24 brd 192.168.1.255 scope global br-lan
       valid_lft forever preferred_lft forever
    inet6 fd27:6be2:71bd:10::1/60 scope global noprefixroute 
       valid_lft forever preferred_lft forever
    inet6 fe80::290:7fff:fed5:ecc1/64 scope link 
       valid_lft forever preferred_lft forever
root@OpenWrt:/# 